// Jest Snapshot v1, https://goo.gl/fbAQLP

exports[`App Component Renders an app 1`] = `<ColorPicker />`;
