// Jest Snapshot v1, https://goo.gl/fbAQLP

exports[`Color Component Renders a color 1`] = `
<dl>
  <dt>
    Name:
  </dt>
  <dd />
  <dt>
    Hex:
  </dt>
  <dd />
  <dt>
    RGB:
  </dt>
  <dd>
    Red: 
  </dd>
  <dd>
    Green: 
  </dd>
  <dd>
    Blue: 
  </dd>
</dl>
`;
