// Jest Snapshot v1, https://goo.gl/fbAQLP

exports[`Dog Component test Renders a dog 1`] = `
<dl>
  <dt>
    Name:
  </dt>
  <dd />
  <dt>
    Age:
  </dt>
  <dd />
  <dt>
    Weight:
  </dt>
  <dd />
</dl>
`;
